// Jest Snapshot v1, https://goo.gl/fbAQLP

exports[`Testing al cliente Es cliente es Mario 1`] = `
{
  "balance": 1000,
  "nombre": "Mario",
  "tipo": "Premium",
}
`;
